---
source: src/profile/output.rs
expression: report
---
# Anti-Entropator Swamp Profile

**Path:** `/test/dir`

| Metric | Value |
|--------|-------|
| Files | 3 |
| Directories | 1 |
| Symlinks | 0 |
| Total Size | 3 KiB |
| Zero-byte Files | 0 |
| Errors | 0 |

## By Extension (top 25)

| Extension | Count | Total | Avg | Max |
|-----------|-------|-------|-----|-----|
| .txt | 3 | 3 KiB | 1 KiB | 1 KiB |

## Duplicate Estimate

- **Size-candidate groups:** 0
- **Quick-hash candidate groups:** 0 (first 64 KiB match; not full-content verified)
- **Files quick-hashed:** 0
- **Reclaimable (upper bound, examined files only):** 0 B

## Largest Files

- `/test/c.txt` (1 KiB)
